// Jest Snapshot v1, https://goo.gl/fbAQLP

exports[`The Stream renders correctly 1`] = `
<iframe
  allow="accelerometer; autoplay; encrypted-media; gyroscope; picture-in-picture"
  src="https://www.google.com"
  title="Google"
>
  Your browser doesn't support iFrames.
</iframe>
`;
