// Jest Snapshot v1, https://goo.gl/fbAQLP

exports[`The time display renders correctly 1`] = `"<div class=\\"time-display\\"><div class=\\"time-box\\">60:03</div></div>"`;
