// Jest Snapshot v1, https://goo.gl/fbAQLP

exports[`The Load Screen renders correctly 1`] = `
"
<button class=\\"MuiButtonBase-root MuiButton-root configure-button MuiButton-text MuiButton-textPrimary\\" tabindex=\\"0\\" type=\\"button\\">
  <span class=\\"MuiButton-label\\">Configure Streams</span>
</button>
"
`;
