// Jest Snapshot v1, https://goo.gl/fbAQLP

exports[`The Configuration Component renders correctly 1`] = `
"
<header class=\\"config-viewport\\">
  <div class=\\"config-container\\">
    <div class=\\"MuiContainer-root config-titlebar MuiContainer-maxWidthLg\\">
      <button class=\\"MuiButtonBase-root MuiButton-root resume-cycle MuiButton-text\\" tabindex=\\"0\\" type=\\"button\\">
        <span class=\\"MuiButton-label\\">Resume Cycle</span>
      </button>
    </div>
    <div class=\\"MuiContainer-root config-content MuiContainer-maxWidthLg\\">
      <div class=\\"MuiPaper-root MuiPaper-elevation1 MuiCard-root card source-list MuiPaper-rounded\\">
        <div class=\\"MuiCardContent-root\\">
          <p class=\\"MuiTypography-root title MuiTypography-body1 MuiTypography-colorTextSecondary MuiTypography-gutterBottom\\">List of the Streams</p>
          <div class=\\"MuiFormControl-root MuiTextField-root search MuiFormControl-marginDense\\">
            <label class=\\"MuiFormLabel-root MuiInputLabel-root MuiInputLabel-formControl MuiInputLabel-animated MuiInputLabel-marginDense MuiInputLabel-outlined\\" data-shrink=\\"false\\" for=\\"outlined-dense\\">Search</label>
            <div class=\\"MuiInputBase-root MuiOutlinedInput-root MuiInputBase-formControl MuiInputBase-marginDense MuiOutlinedInput-marginDense\\">
              <input type=\\"text\\" aria-invalid=\\"false\\" class=\\"MuiInputBase-input MuiOutlinedInput-input MuiInputBase-inputMarginDense MuiOutlinedInput-inputMarginDense\\" id=\\"outlined-dense\\">
              <fieldset aria-hidden=\\"true\\" style=\\"padding-left:8px\\" class=\\"PrivateNotchedOutline-root-144 MuiOutlinedInput-notchedOutline\\">
                <legend class=\\"PrivateNotchedOutline-legend-145\\" style=\\"width:0.01px\\">
                  <span>â€‹</span>
                </legend>
              </fieldset>
            </div>
          </div>
          <ul class=\\"MuiList-root MuiList-padding\\" aria-label=\\"streams\\">
            <div class=\\"MuiButtonBase-root MuiListItem-root MuiListItem-gutters MuiListItem-button\\" tabindex=\\"0\\" role=\\"button\\" aria-disabled=\\"false\\">
              <div class=\\"MuiListItemText-root\\">
                <span class=\\"MuiTypography-root MuiListItemText-primary MuiTypography-body1\\">Source 1</span>
              </div>
            </div>
            <div class=\\"MuiButtonBase-root MuiListItem-root MuiListItem-gutters MuiListItem-button\\" tabindex=\\"0\\" role=\\"button\\" aria-disabled=\\"false\\">
              <div class=\\"MuiListItemText-root\\">
                <span class=\\"MuiTypography-root MuiListItemText-primary MuiTypography-body1\\">Source 2</span>
              </div>
            </div>
            <div class=\\"MuiButtonBase-root MuiListItem-root MuiListItem-gutters MuiListItem-button\\" tabindex=\\"0\\" role=\\"button\\" aria-disabled=\\"false\\">
              <div class=\\"MuiListItemText-root\\">
                <span class=\\"MuiTypography-root MuiListItemText-primary MuiTypography-body1\\">Source 3</span>
              </div>
            </div>
            <div class=\\"MuiButtonBase-root MuiListItem-root disabled MuiListItem-gutters MuiListItem-button\\" tabindex=\\"0\\" role=\\"button\\" aria-disabled=\\"false\\">
              <div class=\\"MuiListItemText-root\\">
                <span class=\\"MuiTypography-root MuiListItemText-primary MuiTypography-body1\\">Source 4</span>
              </div>
            </div>
          </ul>
        </div>
      </div>
      <div class=\\"MuiPaper-root MuiPaper-elevation1 MuiCard-root card source-detail MuiPaper-rounded\\">
        <div class=\\"MuiCardContent-root\\">
          <p class=\\"MuiTypography-root title MuiTypography-body1 MuiTypography-colorTextSecondary MuiTypography-gutterBottom\\">Stream Details</p>
          <p class=\\"MuiTypography-root placeholder MuiTypography-body1\\">Select a stream to view it's details.</p>
        </div>
      </div>
      <div class=\\"MuiPaper-root MuiPaper-elevation1 MuiCard-root card stream-preview MuiPaper-rounded\\">
        <div class=\\"MuiCardContent-root\\">
          <p class=\\"MuiTypography-root title MuiTypography-body1 MuiTypography-colorTextSecondary MuiTypography-gutterBottom\\">Preview of the Stream</p>
          <p class=\\"MuiTypography-root placeholder MuiTypography-body1\\">Select a stream to view a preview of it.</p>
        </div>
      </div>
    </div>
  </div>
</header>
"
`;
