// Jest Snapshot v1, https://goo.gl/fbAQLP

exports[`The Kaleidoscope given the user is configuring the streams renders correctly 1`] = `
"
<header class=\\"config-viewport\\">
  <div class=\\"config-container\\">
    <button class=\\"MuiButtonBase-root MuiButton-root cycle MuiButton-text\\" tabindex=\\"0\\" type=\\"button\\">
      <span class=\\"MuiButton-label\\">Resume Cycle</span>
    </button>
    <div class=\\"MuiPaper-root MuiPaper-elevation1 MuiCard-root card MuiPaper-rounded\\">
      <div class=\\"MuiCardContent-root\\">
        <p class=\\"MuiTypography-root title MuiTypography-body1 MuiTypography-colorTextSecondary MuiTypography-gutterBottom\\">List of the Streams</p>
        <div class=\\"MuiFormControl-root MuiTextField-root search MuiFormControl-marginDense\\">
          <label class=\\"MuiFormLabel-root MuiInputLabel-root MuiInputLabel-formControl MuiInputLabel-animated MuiInputLabel-marginDense MuiInputLabel-outlined\\" data-shrink=\\"false\\" for=\\"outlined-dense\\">Search</label>
          <div class=\\"MuiInputBase-root MuiOutlinedInput-root MuiInputBase-formControl MuiInputBase-marginDense MuiOutlinedInput-marginDense\\">
            <input type=\\"text\\" aria-invalid=\\"false\\" class=\\"MuiInputBase-input MuiOutlinedInput-input MuiInputBase-inputMarginDense MuiOutlinedInput-inputMarginDense\\" id=\\"outlined-dense\\">
            <fieldset aria-hidden=\\"true\\" style=\\"padding-left:8px\\" class=\\"PrivateNotchedOutline-root-137 MuiOutlinedInput-notchedOutline\\">
              <legend class=\\"PrivateNotchedOutline-legend-138\\" style=\\"width:0.01px\\">
                <span>â€‹</span>
              </legend>
            </fieldset>
          </div>
        </div>
        <ul class=\\"MuiList-root MuiList-padding\\" aria-label=\\"streams\\">
          <div class=\\"MuiButtonBase-root MuiListItem-root MuiListItem-gutters MuiListItem-button\\" tabindex=\\"0\\" role=\\"button\\" aria-disabled=\\"false\\">
            <div class=\\"MuiListItemText-root\\">
              <span class=\\"MuiTypography-root MuiListItemText-primary MuiTypography-body1\\">Title 1</span>
            </div>
          </div>
        </ul>
      </div>
    </div>
    <div class=\\"MuiPaper-root MuiPaper-elevation1 MuiCard-root card MuiPaper-rounded\\">
      <div class=\\"MuiCardContent-root\\">
        <p class=\\"MuiTypography-root title MuiTypography-body1 MuiTypography-colorTextSecondary MuiTypography-gutterBottom\\">Stream Details</p>
        <p class=\\"MuiTypography-root placeholder MuiTypography-body1\\">Select a stream to view it's details.</p>
      </div>
    </div>
    <div class=\\"MuiPaper-root MuiPaper-elevation1 MuiCard-root card MuiPaper-rounded\\">
      <div class=\\"MuiCardContent-root\\">
        <p class=\\"MuiTypography-root title MuiTypography-body1 MuiTypography-colorTextSecondary MuiTypography-gutterBottom\\">Preview of the Stream</p>
        <p class=\\"MuiTypography-root placeholder MuiTypography-body1\\">Select a stream to view a preview of it.</p>
      </div>
    </div>
  </div>
</header>
"
`;

exports[`The Kaleidoscope renders correctly 1`] = `
"
<header class=\\"App-header\\">
  <img src=\\"kaleidoscope-2.svg\\" class=\\"App-logo\\" alt=\\"logo\\">
  <p>Starting Up The Streams...</p>
  <button class=\\"MuiButtonBase-root MuiButton-root configure-button MuiButton-text MuiButton-textPrimary\\" tabindex=\\"0\\" type=\\"button\\">
    <span class=\\"MuiButton-label\\">Configure Streams</span>
  </button>
</header>
"
`;
