// Jest Snapshot v1, https://goo.gl/fbAQLP

exports[`The time display renders correctly 1`] = `
<div
  className="time-display"
>
  <div
    className="time-box"
  >
    60:03
  </div>
</div>
`;
