// Jest Snapshot v1, https://goo.gl/fbAQLP

exports[`The Cycler renders correctly 1`] = `
<div>
  <iframe
    src="https://www.google.com"
    title="Google"
  >
    Your browser doesn't support iFrames.
  </iframe>
</div>
`;
