// Jest Snapshot v1, https://goo.gl/fbAQLP

exports[`The Cycler renders correctly 1`] = `
"
<div class=\\"cycler-controls\\"></div>
"
`;
