// Jest Snapshot v1, https://goo.gl/fbAQLP

exports[`The Curtain renders correctly 1`] = `"<div>Now you see me!</div>"`;
